Defaulting model output classes to 5
data shape 0: 1623 class split: [50, 1473, 100]
Splitting fs relabelings with train: 8, val: 2, test: 0
loading some evaluators from file
Found these eval sets in file: <KeysViewHDF5 ['fsl_dev_class']>
Loaded in file: <KeysViewHDF5 ['fsl_dev_class']>
Writing eval data to file: C:\Users\13327\OneDrive\Desktop\NLP project\NLP-Project-1\results/protocol_check_assignment/eval_data.h5
Done writing
----------0
fsl_dev_class acc 0.209
fsl_dev_class in_context_acc 0.503
fsl_dev_class in_context_prob 0.5000848
fsl_dev_class loss 2.0037596
fsl_dev_class out_context_acc 0.0
fsl_dev_class out_context_prob 0.0
fsl_dev_class prob 0.19824673
fsl_dev_class use_context_prob 0.39296767
fsl_train acc 0.20700002
fsl_train in_context_acc 0.513
fsl_train in_context_prob 0.50822663
fsl_train loss 1.9365516
fsl_train out_context_acc 0.0
fsl_train out_context_prob 0.0
fsl_train prob 0.20422688
fsl_train use_context_prob 0.40231657
fsl_val_rl acc 0.22900002
fsl_val_rl in_context_acc 0.521
fsl_val_rl in_context_prob 0.517282
fsl_val_rl loss 2.043279
fsl_val_rl out_context_acc 0.0
fsl_val_rl out_context_prob 0.0
fsl_val_rl prob 0.20041533
fsl_val_rl use_context_prob 0.3887853
fsl_train_valex acc 0.216
fsl_train_valex in_context_acc 0.517
fsl_train_valex in_context_prob 0.5142988
fsl_train_valex loss 1.9813187
fsl_train_valex out_context_acc 0.0
fsl_train_valex out_context_prob 0.0
fsl_train_valex prob 0.20421894
fsl_train_valex use_context_prob 0.39416546
Checkpointing... 0
C:\Users\13327\OneDrive\Desktop\NLP project\NLP-Project-1\upstream\icl-dynamics\main.py:81: DeprecationWarning: jax.tree_map is deprecated: use jax.tree.map (jax v0.4.25 or newer) or jax.tree_util.tree_map (any JAX version).
  weight_norm = jnp.sum(jnp.stack(jax.tree_map(lambda x: jnp.linalg.norm(jnp.where(x != 0, x, 0)), jax.tree_leaves(eqx.filter(model, eqx.is_array)))))
C:\Users\13327\OneDrive\Desktop\NLP project\NLP-Project-1\upstream\icl-dynamics\main.py:81: DeprecationWarning: jax.tree_leaves is deprecated: use jax.tree.leaves (jax v0.4.25 or newer) or jax.tree_util.tree_leaves (any JAX version).
  weight_norm = jnp.sum(jnp.stack(jax.tree_map(lambda x: jnp.linalg.norm(jnp.where(x != 0, x, 0)), jax.tree_leaves(eqx.filter(model, eqx.is_array)))))
C:\Users\13327\OneDrive\Desktop\NLP project\NLP-Project-1\upstream\icl-dynamics\main.py:118: DeprecationWarning: jax.tree_map is deprecated: use jax.tree.map (jax v0.4.25 or newer) or jax.tree_util.tree_map (any JAX version).
  grad = jax.tree_map(avg_fn, *grads)
C:\Users\13327\OneDrive\Desktop\NLP project\NLP-Project-1\upstream\icl-dynamics\main.py:119: DeprecationWarning: jax.tree_map is deprecated: use jax.tree.map (jax v0.4.25 or newer) or jax.tree_util.tree_map (any JAX version).
  grad_norm = norm_fn(jax.tree_map(lambda x: x**2, grad))
C:\Users\13327\OneDrive\Desktop\NLP project\NLP-Project-1\upstream\icl-dynamics\main.py:120: DeprecationWarning: jax.tree_map is deprecated: use jax.tree.map (jax v0.4.25 or newer) or jax.tree_util.tree_map (any JAX version).
  grads_dev = [jax.tree_map(lambda x,y: (x-y)**2, g, grad) for g in grads]
C:\Users\13327\OneDrive\Desktop\NLP project\NLP-Project-1\upstream\icl-dynamics\main.py:121: DeprecationWarning: jax.tree_map is deprecated: use jax.tree.map (jax v0.4.25 or newer) or jax.tree_util.tree_map (any JAX version).
  grad_batch_var = jax.tree_map(avg_fn, *grads_dev)
----------1600
fsl_dev_class acc 0.216
fsl_dev_class in_context_acc 0.49500003
fsl_dev_class in_context_prob 0.49696627
fsl_dev_class loss 1.8165467
fsl_dev_class out_context_acc 0.0
fsl_dev_class out_context_prob 0.0
fsl_dev_class prob 0.2102975
fsl_dev_class use_context_prob 0.4216634
fsl_train acc 0.23700002
fsl_train in_context_acc 0.504
fsl_train in_context_prob 0.5028536
fsl_train loss 1.7634686
fsl_train out_context_acc 0.0
fsl_train out_context_prob 0.0
fsl_train prob 0.21640037
fsl_train use_context_prob 0.43069637
fsl_val_rl acc 0.18
fsl_val_rl in_context_acc 0.544
fsl_val_rl in_context_prob 0.51688087
fsl_val_rl loss 1.9953915
fsl_val_rl out_context_acc 0.0
fsl_val_rl out_context_prob 0.0
fsl_val_rl prob 0.17914571
fsl_val_rl use_context_prob 0.34736067
fsl_train_valex acc 0.254
fsl_train_valex in_context_acc 0.53000003
fsl_train_valex in_context_prob 0.51031905
fsl_train_valex loss 1.7741652
fsl_train_valex out_context_acc 0.0
fsl_train_valex out_context_prob 0.0
fsl_train_valex prob 0.21965699
fsl_train_valex use_context_prob 0.42818967
-
loss 1.8077523
grad_norm 6.552374
grad_batch_stddev 0.0
iter 1600
End of training
-
loss 1.7950529
grad_norm 9.292113
grad_batch_stddev 0.0
iter 3200
fsl_dev_class acc 0.25800002
fsl_dev_class in_context_acc 0.51100004
fsl_dev_class in_context_prob 0.4979812
fsl_dev_class loss 1.6750356
fsl_dev_class out_context_acc 0.0
fsl_dev_class out_context_prob 0.0
fsl_dev_class prob 0.22091715
fsl_dev_class use_context_prob 0.44295943
fsl_train acc 0.259
fsl_train in_context_acc 0.499
fsl_train in_context_prob 0.50166106
fsl_train loss 1.6388472
fsl_train out_context_acc 0.0
fsl_train out_context_prob 0.0
fsl_train prob 0.22605486
fsl_train use_context_prob 0.45081896
fsl_val_rl acc 0.155
fsl_val_rl in_context_acc 0.545
fsl_val_rl in_context_prob 0.5148688
fsl_val_rl loss 1.8614544
fsl_val_rl out_context_acc 0.0
fsl_val_rl out_context_prob 0.0
fsl_val_rl prob 0.1813988
fsl_val_rl use_context_prob 0.3524302
fsl_train_valex acc 0.287
fsl_train_valex in_context_acc 0.509
fsl_train_valex in_context_prob 0.50992465
fsl_train_valex loss 1.6321559
fsl_train_valex out_context_acc 0.0
fsl_train_valex out_context_prob 0.0
fsl_train_valex prob 0.2304658
fsl_train_valex use_context_prob 0.4498155
Checkpointing... 3200
total training time (min):  0.1818661570549011
